// Vitest Snapshot v1, https://vitest.dev/guide/snapshot.html

exports[`ActionIcon > should render correctly 1`] = `
<div>
  <button
    class="ant-btn ant-btn-default ant-btn-icon-only ant-action-icon"
    style="max-height: 22px;"
    type="button"
  >
    <span
      class="ant-btn-icon"
    >
      <svg>
        o
      </svg>
    </span>
  </button>
</div>
`;
